******************************************************************************
                  TI ARM Linker Unix v20.2.7                   
******************************************************************************
>> Linked Wed Feb 28 12:02:33 2024

OUTPUT FILE NAME:   <calculator.out>
ENTRY POINT SYMBOL: "_c_int00_noinit_noargs"  address: 00000c15


MEMORY CONFIGURATION

         name            origin    length      used     unused   attr    fill
----------------------  --------  ---------  --------  --------  ----  --------
  FLASH                 00000000   00040000  00000d7b  0003f285  R  X
  SRAM                  20000000   00008000  00000200  00007e00  RW X


SEGMENT ALLOCATION MAP

run origin  load origin   length   init length attrs members
----------  ----------- ---------- ----------- ----- -------
00000000    00000000    00000d7b   00000d7b    r-x
  00000000    00000000    0000026c   0000026c    r-- .intvecs
  0000026c    0000026c    000009fe   000009fe    r-x .text
  00000c6a    00000c6a    00000111   00000111    r-- .const
20000000    20000000    00000200   00000000    rw-
  20000000    20000000    00000200   00000000    rw- .stack


SECTION ALLOCATION MAP

 output                                  attributes/
section   page    origin      length       input sections
--------  ----  ----------  ----------   ----------------
.intvecs   0    00000000    0000026c     
                  00000000    0000026c     tm4c123gh6pm_startup_ccs.obj (.intvecs)

.text      0    0000026c    000009fe     
                  0000026c    000007bc     main.obj (.text)
                  00000a28    0000009c     rtsv7M4_T_le_v4SPD16_eabi.lib : memcpy_t2.asm.obj (.text)
                  00000ac4    00000096                                   : ull_div_t2.asm.obj (.text)
                  00000b5a    0000006e                                   : ll_div_t2.asm.obj (.text)
                  00000bc8    0000004c                                   : atoi.c.obj (.text:atoi)
                  00000c14    0000002c                                   : boot_cortex_m.c.obj (.text:_c_int00_noinit_noargs:_c_int00_noinit_noargs)
                  00000c40    00000014                                   : strlen.c.obj (.text:strlen)
                  00000c54    0000000c     tm4c123gh6pm_startup_ccs.obj (.text)
                  00000c60    00000004     rtsv7M4_T_le_v4SPD16_eabi.lib : pre_init.c.obj (.text:_system_pre_init)
                  00000c64    00000004                                   : exit.c.obj (.text:abort:abort)
                  00000c68    00000002                                   : div0.asm.obj (.text)

.const     0    00000c6a    00000111     
                  00000c6a    00000101     rtsv7M4_T_le_v4SPD16_eabi.lib : ctype.c.obj (.const:.string:_ctypes_)
                  00000d6b    00000010     main.obj (.const:$P$T0$1)

.cinit     0    00000000    00000000     UNINITIALIZED

.init_array 
*          0    00000000    00000000     UNINITIALIZED

.stack     0    20000000    00000200     UNINITIALIZED
                  20000000    00000004     rtsv7M4_T_le_v4SPD16_eabi.lib : boot_cortex_m.c.obj (.stack)
                  20000004    000001fc     --HOLE--

__llvm_prf_cnts 
*          0    20000000    00000000     UNINITIALIZED

MODULE SUMMARY

       Module                         code   ro data   rw data
       ------                         ----   -------   -------
    ./
       main.obj                       1980   16        0      
       tm4c123gh6pm_startup_ccs.obj   12     620       0      
    +--+------------------------------+------+---------+---------+
       Total:                         1992   636       0      
                                                              
    /Applications/ti/ccs1250/ccs/tools/compiler/ti-cgt-arm_20.2.7.LTS/lib/rtsv7M4_T_le_v4SPD16_eabi.lib
       ctype.c.obj                    0      257       0      
       memcpy_t2.asm.obj              156    0         0      
       ull_div_t2.asm.obj             150    0         0      
       ll_div_t2.asm.obj              110    0         0      
       atoi.c.obj                     76     0         0      
       boot_cortex_m.c.obj            44     0         0      
       strlen.c.obj                   20     0         0      
       exit.c.obj                     4      0         0      
       pre_init.c.obj                 4      0         0      
       div0.asm.obj                   2      0         0      
    +--+------------------------------+------+---------+---------+
       Total:                         566    257       0      
                                                              
       Stack:                         0      0         512    
    +--+------------------------------+------+---------+---------+
       Grand Total:                   2558   893       512    


GLOBAL SYMBOLS: SORTED ALPHABETICALLY BY Name 

address   name                   
-------   ----                   
00000c65  C$$EXIT                
000002d7  LCD_command            
00000297  LCD_data               
0000071d  PortC_keypad_init      
00000c55  ResetISR               
000006f9  UART_Rx                
000006d1  UART_Tx                
20000200  __STACK_END            
00000200  __STACK_SIZE           
20000200  __STACK_TOP            
ffffffff  __TI_pprof_out_hndl    
ffffffff  __TI_prof_data_size    
ffffffff  __TI_prof_data_start   
00000000  __TI_static_base__     
00000c69  __aeabi_idiv0          
00000c69  __aeabi_ldiv0          
00000b5b  __aeabi_ldivmod        
00000a29  __aeabi_memcpy         
00000a29  __aeabi_memcpy4        
00000a29  __aeabi_memcpy8        
00000ac5  __aeabi_uldivmod       
ffffffff  __binit__              
ffffffff  __c_args__             
UNDEFED   __mpu_init             
20000000  __stack                
20000000  __start___llvm_prf_cnts
20000000  __stop___llvm_prf_cnts 
00000c15  _c_int00_noinit_noargs 
00000c6a  _ctypes_               
00000c61  _system_pre_init       
00000c65  abort                  
00000bc9  atoi                   
ffffffff  binit                  
00000463  clear                  
00000653  cleartop               
000004d9  convert                
0000043f  delay                  
00000483  display_product        
00000000  g_pfnVectors           
00000429  initA                  
000006bb  initB                  
000006a3  initC                  
00000413  initE                  
0000026d  initLCD                
00000681  initUartT              
00000673  init_A2                
000005d5  initialState           
00000631  is_digit               
00000771  main                   
00000a29  memcpy                 
00000317  passData               
00000605  print_str              
0000057d  start                  
00000c41  strlen                 


GLOBAL SYMBOLS: SORTED BY Symbol Address 

address   name                   
-------   ----                   
00000000  __TI_static_base__     
00000000  g_pfnVectors           
00000200  __STACK_SIZE           
0000026d  initLCD                
00000297  LCD_data               
000002d7  LCD_command            
00000317  passData               
00000413  initE                  
00000429  initA                  
0000043f  delay                  
00000463  clear                  
00000483  display_product        
000004d9  convert                
0000057d  start                  
000005d5  initialState           
00000605  print_str              
00000631  is_digit               
00000653  cleartop               
00000673  init_A2                
00000681  initUartT              
000006a3  initC                  
000006bb  initB                  
000006d1  UART_Tx                
000006f9  UART_Rx                
0000071d  PortC_keypad_init      
00000771  main                   
00000a29  __aeabi_memcpy         
00000a29  __aeabi_memcpy4        
00000a29  __aeabi_memcpy8        
00000a29  memcpy                 
00000ac5  __aeabi_uldivmod       
00000b5b  __aeabi_ldivmod        
00000bc9  atoi                   
00000c15  _c_int00_noinit_noargs 
00000c41  strlen                 
00000c55  ResetISR               
00000c61  _system_pre_init       
00000c65  C$$EXIT                
00000c65  abort                  
00000c69  __aeabi_idiv0          
00000c69  __aeabi_ldiv0          
00000c6a  _ctypes_               
20000000  __stack                
20000000  __start___llvm_prf_cnts
20000000  __stop___llvm_prf_cnts 
20000200  __STACK_END            
20000200  __STACK_TOP            
ffffffff  __TI_pprof_out_hndl    
ffffffff  __TI_prof_data_size    
ffffffff  __TI_prof_data_start   
ffffffff  __binit__              
ffffffff  __c_args__             
ffffffff  binit                  
UNDEFED   __mpu_init             

[54 symbols]
